// Jest Snapshot v1, https://goo.gl/fbAQLP

exports[`matches snapshot 1`] = `
<DocumentFragment>
  <div
    class="text-center accordion"
  >
    <div
      class="accordion-item"
    >
      <h2
        class="accordion-header"
      >
        <button
          aria-expanded="false"
          class="accordion-button collapsed"
          type="button"
        >
          Strokes
        </button>
      </h2>
      <div
        class="accordion-collapse collapse"
      >
        <div
          class="accordion-body"
        >
          <div
            class="row justify-content-center"
          >
            <div
              class="col-md-6"
            >
              <table
                class="table table-dark table-striped table-bordered"
              >
                <thead>
                  <tr>
                    <th>
                      Position
                    </th>
                    <th>
                      Points
                    </th>
                  </tr>
                </thead>
                <tbody>
                  <tr>
                    <td>
                      1st
                    </td>
                    <td>
                      25
                    </td>
                  </tr>
                  <tr>
                    <td>
                      2nd
                    </td>
                    <td>
                      20
                    </td>
                  </tr>
                  <tr>
                    <td>
                      3rd
                    </td>
                    <td>
                      15
                    </td>
                  </tr>
                  <tr>
                    <td>
                      4th
                    </td>
                    <td>
                      10
                    </td>
                  </tr>
                  <tr>
                    <td>
                      5th
                    </td>
                    <td>
                      5
                    </td>
                  </tr>
                </tbody>
              </table>
            </div>
          </div>
        </div>
      </div>
    </div>
    <div
      class="accordion-item"
    >
      <h2
        class="accordion-header"
      >
        <button
          aria-expanded="false"
          class="accordion-button collapsed"
          type="button"
        >
          Putts
        </button>
      </h2>
      <div
        class="accordion-collapse collapse"
      >
        <div
          class="accordion-body"
        >
          <div
            class="row justify-content-center"
          >
            <div
              class="col-md-6"
            >
              <table
                class="table table-dark table-striped table-bordered"
              >
                <thead>
                  <tr>
                    <th>
                      Position
                    </th>
                    <th>
                      Points
                    </th>
                  </tr>
                </thead>
                <tbody>
                  <tr>
                    <td>
                      1st
                    </td>
                    <td>
                      6
                    </td>
                  </tr>
                  <tr>
                    <td>
                      2nd
                    </td>
                    <td>
                      4
                    </td>
                  </tr>
                  <tr>
                    <td>
                      3rd
                    </td>
                    <td>
                      2
                    </td>
                  </tr>
                </tbody>
              </table>
            </div>
          </div>
        </div>
      </div>
    </div>
    <div
      class="accordion-item"
    >
      <h2
        class="accordion-header"
      >
        <button
          aria-expanded="false"
          class="accordion-button collapsed"
          type="button"
        >
          Greenies
        </button>
      </h2>
      <div
        class="accordion-collapse collapse"
      >
        <div
          class="accordion-body"
        >
          <div
            class="row justify-content-center"
          >
            <div
              class="col-md-6"
            >
              <table
                class="table table-dark table-striped table-bordered"
              >
                <thead>
                  <tr>
                    <th>
                      Event
                    </th>
                    <th>
                      Points
                    </th>
                  </tr>
                </thead>
                <tbody>
                  <tr>
                    <td>
                      Greenie
                    </td>
                    <td>
                      1
                    </td>
                  </tr>
                  <tr>
                    <td>
                      Inside 20'
                    </td>
                    <td>
                      1
                    </td>
                  </tr>
                  <tr>
                    <td>
                      Inside 10'
                    </td>
                    <td>
                      2
                    </td>
                  </tr>
                  <tr>
                    <td>
                      Inside 2'
                    </td>
                    <td>
                      3
                    </td>
                  </tr>
                </tbody>
              </table>
            </div>
          </div>
        </div>
      </div>
    </div>
    <div
      class="accordion-item"
    >
      <h2
        class="accordion-header"
      >
        <button
          aria-expanded="false"
          class="accordion-button collapsed"
          type="button"
        >
          Events
        </button>
      </h2>
      <div
        class="accordion-collapse collapse"
      >
        <div
          class="accordion-body"
        >
          <div
            class="row justify-content-center"
          >
            <div
              class="col-md-6"
            >
              <table
                class="table table-dark table-striped table-bordered"
              >
                <thead>
                  <tr>
                    <th>
                      Event
                    </th>
                    <th>
                      Points
                    </th>
                  </tr>
                </thead>
                <tbody>
                  <tr>
                    <td>
                      Participation
                    </td>
                    <td>
                      3
                    </td>
                  </tr>
                  <tr>
                    <td>
                      Par
                    </td>
                    <td>
                      1
                    </td>
                  </tr>
                  <tr>
                    <td>
                      Birdie
                    </td>
                    <td>
                      2
                    </td>
                  </tr>
                  <tr>
                    <td>
                      Eagle
                    </td>
                    <td>
                      4
                    </td>
                  </tr>
                  <tr>
                    <td>
                      Hole-In-One
                    </td>
                    <td>
                      10
                    </td>
                  </tr>
                </tbody>
              </table>
            </div>
          </div>
        </div>
      </div>
    </div>
  </div>
</DocumentFragment>
`;
