// Jest Snapshot v1, https://goo.gl/fbAQLP

exports[`matches snapshot 1`] = `
<DocumentFragment>
  <div
    class="text-center"
  >
    <div>
      <img
        alt="ccgc-logo"
        class="img-fluid"
        src="https://i.ibb.co/72nKCSf/ccgc-Logo11.png"
      />
    </div>
  </div>
</DocumentFragment>
`;
