// Jest Snapshot v1, https://goo.gl/fbAQLP

exports[`matches snapshot 1`] = `
<DocumentFragment>
  <div
    class="row justify-content-center mb-3"
  >
    <div
      class="col-auto"
    >
      <div>
        <button
          class="btn-sm btn btn-outline-danger"
          id="Popover1"
          type="button"
        >
          Delete
        </button>
      </div>
    </div>
    <div
      class="col-auto"
    >
      <a
        href="/courses/pebble-beach/edit"
      >
        <button
          class="px-3 btn-sm btn btn-outline-primary"
          type="button"
        >
          Edit
        </button>
      </a>
    </div>
  </div>
</DocumentFragment>
`;
