// Jest Snapshot v1, https://goo.gl/fbAQLP

exports[`matches snapshot 1`] = `
<DocumentFragment>
  <div
    class="table-responsive"
  >
    <table
      class="text-center table table-bordered table-hover"
    >
      <thead>
        <tr
          class="table-dark"
        >
          <th>
            HOLE
          </th>
          <th>
            1
          </th>
          <th>
            2
          </th>
          <th>
            3
          </th>
          <th>
            4
          </th>
          <th>
            5
          </th>
          <th>
            6
          </th>
          <th>
            7
          </th>
          <th>
            8
          </th>
          <th>
            9
          </th>
          <th>
            10
          </th>
          <th>
            11
          </th>
          <th>
            12
          </th>
          <th>
            13
          </th>
          <th>
            14
          </th>
          <th>
            15
          </th>
          <th>
            16
          </th>
          <th>
            17
          </th>
          <th>
            18
          </th>
          <th>
            TOT
          </th>
        </tr>
      </thead>
      <tbody>
        <tr
          class="table-secondary"
        >
          <th>
            PAR
          </th>
          <td>
            3
          </td>
          <td>
            4
          </td>
          <td>
            5
          </td>
          <td>
            3
          </td>
          <td>
            4
          </td>
          <td>
            5
          </td>
          <td>
            3
          </td>
          <td>
            4
          </td>
          <td>
            5
          </td>
        </tr>
        <tr
          class="bg-white"
        >
          <th>
            HCP
          </th>
          <td>
            1
          </td>
          <td>
            2
          </td>
          <td>
            3
          </td>
          <td>
            4
          </td>
          <td>
            5
          </td>
          <td>
            6
          </td>
          <td>
            7
          </td>
          <td>
            8
          </td>
          <td>
            9
          </td>
          <td>
            --
          </td>
        </tr>
      </tbody>
    </table>
  </div>
</DocumentFragment>
`;
