// Jest Snapshot v1, https://goo.gl/fbAQLP

exports[`matches snapshot 1`] = `
<DocumentFragment>
  <div
    class="mb-4"
  >
    <h5
      class="display-6 mb-0"
    >
      Test Course
    </h5>
    <a
      href="/tournaments/2022-01-01"
    >
      <p
        class="fs-5 mb-3"
      >
        January 1, 2022
      </p>
    </a>
    <div
      class="table-responsive"
    >
      <table
        class="table table-bordered"
      >
        <thead>
          <tr
            class="table-dark"
          >
            <th>
              HOLE
            </th>
            <th>
              1
            </th>
            <th>
              2
            </th>
            <th>
              3
            </th>
            <th>
              4
            </th>
            <th>
              5
            </th>
            <th>
              6
            </th>
            <th>
              7
            </th>
            <th>
              8
            </th>
            <th>
              9
            </th>
            <th>
              10
            </th>
            <th>
              11
            </th>
            <th>
              12
            </th>
            <th>
              13
            </th>
            <th>
              14
            </th>
            <th>
              15
            </th>
            <th>
              16
            </th>
            <th>
              17
            </th>
            <th>
              18
            </th>
            <th>
              TOT
            </th>
          </tr>
        </thead>
        <tbody>
          <tr
            class="table-secondary"
          >
            <th>
              PAR
            </th>
            <th>
              4
            </th>
            <th>
              4
            </th>
            <th>
              4
            </th>
            <th>
              4
            </th>
            <th>
              4
            </th>
            <th>
              4
            </th>
            <th>
              4
            </th>
            <th>
              4
            </th>
            <th>
              4
            </th>
            <th>
              4
            </th>
            <th>
              4
            </th>
            <th>
              4
            </th>
            <th>
              4
            </th>
            <th>
              4
            </th>
            <th>
              4
            </th>
            <th>
              4
            </th>
            <th>
              4
            </th>
            <th>
              4
            </th>
            <th>
              72
            </th>
          </tr>
          <tr
            class="bg-white"
          >
            <th>
              STROKES
            </th>
            <td>
              4
            </td>
            <td>
              4
            </td>
            <td>
              4
            </td>
            <td>
              4
            </td>
            <td>
              4
            </td>
            <td>
              4
            </td>
            <td>
              4
            </td>
            <td>
              4
            </td>
            <td>
              4
            </td>
            <td>
              4
            </td>
            <td>
              4
            </td>
            <td>
              4
            </td>
            <td>
              4
            </td>
            <td>
              4
            </td>
            <td>
              4
            </td>
            <td>
              4
            </td>
            <td>
              4
            </td>
            <td>
              4
            </td>
            <td>
              72
            </td>
          </tr>
          <tr
            class="bg-white"
          >
            <th>
              PUTTS
            </th>
            <td>
              1
            </td>
            <td>
              1
            </td>
            <td>
              1
            </td>
            <td>
              1
            </td>
            <td>
              1
            </td>
            <td>
              1
            </td>
            <td>
              1
            </td>
            <td>
              1
            </td>
            <td>
              1
            </td>
            <td>
              1
            </td>
            <td>
              1
            </td>
            <td>
              1
            </td>
            <td>
              1
            </td>
            <td>
              1
            </td>
            <td>
              1
            </td>
            <td>
              1
            </td>
            <td>
              1
            </td>
            <td>
              1
            </td>
            <td>
              22
            </td>
          </tr>
        </tbody>
      </table>
    </div>
  </div>
</DocumentFragment>
`;
