// Jest Snapshot v1, https://goo.gl/fbAQLP

exports[`matches snapshot 1`] = `
<DocumentFragment>
  <div
    class="row justify-content-center"
  >
    <div
      class="col-md-9 col-lg-7"
    >
      <div
        class="card"
      >
        <div
          class="display-4 text-center mb-4 py-2 bg-dark text-white card-title h5"
        >
          Create Course
        </div>
        <div
          class="card-body"
        >
          <form
            class=""
          >
            <div
              class="row"
            >
              <div
                class="mb-3"
              >
                <label
                  class="form-label"
                  for="name"
                >
                  Course Name
                </label>
                <input
                  class="form-control"
                  id="name"
                  name="name"
                  required=""
                  type="text"
                  value=""
                />
              </div>
            </div>
            <div
              class="row"
            >
              <div
                class="mb-3"
              >
                <label
                  class="form-label"
                  for="name"
                >
                  Image Url
                </label>
                <input
                  class="form-control"
                  id="imgUrl"
                  name="imgUrl"
                  required=""
                  type="text"
                  value=""
                />
              </div>
            </div>
            <div
              class="row justify-content-center"
            >
              <div
                class="col-6"
              >
                <div
                  class="mb-3"
                >
                  <label
                    class="form-label"
                    for="rating"
                  >
                    Rating
                  </label>
                  <input
                    class="form-control"
                    id="rating"
                    name="rating"
                    required=""
                    step="0.1"
                    type="number"
                    value=""
                  />
                </div>
              </div>
              <div
                class="col-6"
              >
                <div
                  class="mb-3"
                >
                  <label
                    class="form-label"
                    for="slope"
                  >
                    Slope
                  </label>
                  <input
                    class="form-control"
                    id="slope"
                    name="slope"
                    required=""
                    type="number"
                    value=""
                  />
                </div>
              </div>
            </div>
            <div
              class="row text-center"
            >
              <div
                class="col-2"
              >
                <label
                  class="form-label"
                >
                  Hole
                </label>
              </div>
              <div
                class="col-5"
              >
                <label
                  class="form-label"
                >
                  Par
                </label>
              </div>
              <div
                class="col-5"
              >
                <label
                  class="form-label"
                >
                  Handicap
                </label>
              </div>
            </div>
            <div
              class="row align-items-center mb-3"
            >
              <div
                class="col-2 text-center"
              >
                <label
                  class="form-label"
                >
                  #1
                </label>
              </div>
              <div
                class="col-5 align-self-center"
              >
                <input
                  class="form-control"
                  id="par1"
                  name="par1"
                  required=""
                  type="number"
                  value=""
                />
              </div>
              <div
                class="col-5"
              >
                <input
                  class="form-control"
                  id="handicap1"
                  name="handicap1"
                  required=""
                  type="number"
                  value=""
                />
              </div>
            </div>
            <div
              class="row align-items-center mb-3"
            >
              <div
                class="col-2 text-center"
              >
                <label
                  class="form-label"
                >
                  #2
                </label>
              </div>
              <div
                class="col-5 align-self-center"
              >
                <input
                  class="form-control"
                  id="par2"
                  name="par2"
                  required=""
                  type="number"
                  value=""
                />
              </div>
              <div
                class="col-5"
              >
                <input
                  class="form-control"
                  id="handicap2"
                  name="handicap2"
                  required=""
                  type="number"
                  value=""
                />
              </div>
            </div>
            <div
              class="row align-items-center mb-3"
            >
              <div
                class="col-2 text-center"
              >
                <label
                  class="form-label"
                >
                  #3
                </label>
              </div>
              <div
                class="col-5 align-self-center"
              >
                <input
                  class="form-control"
                  id="par3"
                  name="par3"
                  required=""
                  type="number"
                  value=""
                />
              </div>
              <div
                class="col-5"
              >
                <input
                  class="form-control"
                  id="handicap3"
                  name="handicap3"
                  required=""
                  type="number"
                  value=""
                />
              </div>
            </div>
            <div
              class="row align-items-center mb-3"
            >
              <div
                class="col-2 text-center"
              >
                <label
                  class="form-label"
                >
                  #4
                </label>
              </div>
              <div
                class="col-5 align-self-center"
              >
                <input
                  class="form-control"
                  id="par4"
                  name="par4"
                  required=""
                  type="number"
                  value=""
                />
              </div>
              <div
                class="col-5"
              >
                <input
                  class="form-control"
                  id="handicap4"
                  name="handicap4"
                  required=""
                  type="number"
                  value=""
                />
              </div>
            </div>
            <div
              class="row align-items-center mb-3"
            >
              <div
                class="col-2 text-center"
              >
                <label
                  class="form-label"
                >
                  #5
                </label>
              </div>
              <div
                class="col-5 align-self-center"
              >
                <input
                  class="form-control"
                  id="par5"
                  name="par5"
                  required=""
                  type="number"
                  value=""
                />
              </div>
              <div
                class="col-5"
              >
                <input
                  class="form-control"
                  id="handicap5"
                  name="handicap5"
                  required=""
                  type="number"
                  value=""
                />
              </div>
            </div>
            <div
              class="row align-items-center mb-3"
            >
              <div
                class="col-2 text-center"
              >
                <label
                  class="form-label"
                >
                  #6
                </label>
              </div>
              <div
                class="col-5 align-self-center"
              >
                <input
                  class="form-control"
                  id="par6"
                  name="par6"
                  required=""
                  type="number"
                  value=""
                />
              </div>
              <div
                class="col-5"
              >
                <input
                  class="form-control"
                  id="handicap6"
                  name="handicap6"
                  required=""
                  type="number"
                  value=""
                />
              </div>
            </div>
            <div
              class="row align-items-center mb-3"
            >
              <div
                class="col-2 text-center"
              >
                <label
                  class="form-label"
                >
                  #7
                </label>
              </div>
              <div
                class="col-5 align-self-center"
              >
                <input
                  class="form-control"
                  id="par7"
                  name="par7"
                  required=""
                  type="number"
                  value=""
                />
              </div>
              <div
                class="col-5"
              >
                <input
                  class="form-control"
                  id="handicap7"
                  name="handicap7"
                  required=""
                  type="number"
                  value=""
                />
              </div>
            </div>
            <div
              class="row align-items-center mb-3"
            >
              <div
                class="col-2 text-center"
              >
                <label
                  class="form-label"
                >
                  #8
                </label>
              </div>
              <div
                class="col-5 align-self-center"
              >
                <input
                  class="form-control"
                  id="par8"
                  name="par8"
                  required=""
                  type="number"
                  value=""
                />
              </div>
              <div
                class="col-5"
              >
                <input
                  class="form-control"
                  id="handicap8"
                  name="handicap8"
                  required=""
                  type="number"
                  value=""
                />
              </div>
            </div>
            <div
              class="row align-items-center mb-3"
            >
              <div
                class="col-2 text-center"
              >
                <label
                  class="form-label"
                >
                  #9
                </label>
              </div>
              <div
                class="col-5 align-self-center"
              >
                <input
                  class="form-control"
                  id="par9"
                  name="par9"
                  required=""
                  type="number"
                  value=""
                />
              </div>
              <div
                class="col-5"
              >
                <input
                  class="form-control"
                  id="handicap9"
                  name="handicap9"
                  required=""
                  type="number"
                  value=""
                />
              </div>
            </div>
            <div
              class="row align-items-center mb-3"
            >
              <div
                class="col-2 text-center"
              >
                <label
                  class="form-label"
                >
                  #10
                </label>
              </div>
              <div
                class="col-5 align-self-center"
              >
                <input
                  class="form-control"
                  id="par10"
                  name="par10"
                  required=""
                  type="number"
                  value=""
                />
              </div>
              <div
                class="col-5"
              >
                <input
                  class="form-control"
                  id="handicap10"
                  name="handicap10"
                  required=""
                  type="number"
                  value=""
                />
              </div>
            </div>
            <div
              class="row align-items-center mb-3"
            >
              <div
                class="col-2 text-center"
              >
                <label
                  class="form-label"
                >
                  #11
                </label>
              </div>
              <div
                class="col-5 align-self-center"
              >
                <input
                  class="form-control"
                  id="par11"
                  name="par11"
                  required=""
                  type="number"
                  value=""
                />
              </div>
              <div
                class="col-5"
              >
                <input
                  class="form-control"
                  id="handicap11"
                  name="handicap11"
                  required=""
                  type="number"
                  value=""
                />
              </div>
            </div>
            <div
              class="row align-items-center mb-3"
            >
              <div
                class="col-2 text-center"
              >
                <label
                  class="form-label"
                >
                  #12
                </label>
              </div>
              <div
                class="col-5 align-self-center"
              >
                <input
                  class="form-control"
                  id="par12"
                  name="par12"
                  required=""
                  type="number"
                  value=""
                />
              </div>
              <div
                class="col-5"
              >
                <input
                  class="form-control"
                  id="handicap12"
                  name="handicap12"
                  required=""
                  type="number"
                  value=""
                />
              </div>
            </div>
            <div
              class="row align-items-center mb-3"
            >
              <div
                class="col-2 text-center"
              >
                <label
                  class="form-label"
                >
                  #13
                </label>
              </div>
              <div
                class="col-5 align-self-center"
              >
                <input
                  class="form-control"
                  id="par13"
                  name="par13"
                  required=""
                  type="number"
                  value=""
                />
              </div>
              <div
                class="col-5"
              >
                <input
                  class="form-control"
                  id="handicap13"
                  name="handicap13"
                  required=""
                  type="number"
                  value=""
                />
              </div>
            </div>
            <div
              class="row align-items-center mb-3"
            >
              <div
                class="col-2 text-center"
              >
                <label
                  class="form-label"
                >
                  #14
                </label>
              </div>
              <div
                class="col-5 align-self-center"
              >
                <input
                  class="form-control"
                  id="par14"
                  name="par14"
                  required=""
                  type="number"
                  value=""
                />
              </div>
              <div
                class="col-5"
              >
                <input
                  class="form-control"
                  id="handicap14"
                  name="handicap14"
                  required=""
                  type="number"
                  value=""
                />
              </div>
            </div>
            <div
              class="row align-items-center mb-3"
            >
              <div
                class="col-2 text-center"
              >
                <label
                  class="form-label"
                >
                  #15
                </label>
              </div>
              <div
                class="col-5 align-self-center"
              >
                <input
                  class="form-control"
                  id="par15"
                  name="par15"
                  required=""
                  type="number"
                  value=""
                />
              </div>
              <div
                class="col-5"
              >
                <input
                  class="form-control"
                  id="handicap15"
                  name="handicap15"
                  required=""
                  type="number"
                  value=""
                />
              </div>
            </div>
            <div
              class="row align-items-center mb-3"
            >
              <div
                class="col-2 text-center"
              >
                <label
                  class="form-label"
                >
                  #16
                </label>
              </div>
              <div
                class="col-5 align-self-center"
              >
                <input
                  class="form-control"
                  id="par16"
                  name="par16"
                  required=""
                  type="number"
                  value=""
                />
              </div>
              <div
                class="col-5"
              >
                <input
                  class="form-control"
                  id="handicap16"
                  name="handicap16"
                  required=""
                  type="number"
                  value=""
                />
              </div>
            </div>
            <div
              class="row align-items-center mb-3"
            >
              <div
                class="col-2 text-center"
              >
                <label
                  class="form-label"
                >
                  #17
                </label>
              </div>
              <div
                class="col-5 align-self-center"
              >
                <input
                  class="form-control"
                  id="par17"
                  name="par17"
                  required=""
                  type="number"
                  value=""
                />
              </div>
              <div
                class="col-5"
              >
                <input
                  class="form-control"
                  id="handicap17"
                  name="handicap17"
                  required=""
                  type="number"
                  value=""
                />
              </div>
            </div>
            <div
              class="row align-items-center mb-3"
            >
              <div
                class="col-2 text-center"
              >
                <label
                  class="form-label"
                >
                  #18
                </label>
              </div>
              <div
                class="col-5 align-self-center"
              >
                <input
                  class="form-control"
                  id="par18"
                  name="par18"
                  required=""
                  type="number"
                  value=""
                />
              </div>
              <div
                class="col-5"
              >
                <input
                  class="form-control"
                  id="handicap18"
                  name="handicap18"
                  required=""
                  type="number"
                  value=""
                />
              </div>
            </div>
            <div
              class="row justify-content-end"
            >
              <div
                class="col-auto"
              >
                <button
                  class="btn btn-primary btn-block px-4"
                >
                  Submit
                </button>
              </div>
            </div>
          </form>
        </div>
      </div>
    </div>
  </div>
</DocumentFragment>
`;
