// Jest Snapshot v1, https://goo.gl/fbAQLP

exports[`matches snapshot 1`] = `
<DocumentFragment>
  <div
    class="row justify-content-center"
  >
    <div
      class="col-sm-10 col-md-8 col-lg-6"
    >
      <div
        class="card"
      >
        <div
          class="display-6 text-center bg-primary py-3 text-white card-title h5"
        >
          New Tournament
        </div>
        <div
          class="card-body"
        >
          <form
            class=""
          >
            <div
              class="mb-3"
            >
              <label
                class="form-label"
                for="date"
              >
                Date
              </label>
              <input
                class="form-control"
                id="date"
                name="date"
                required=""
                type="date"
                value=""
              />
            </div>
            <div
              class="mb-3"
            >
              <label
                class="form-label"
                for="courseHandle"
              >
                Golf Course
              </label>
              <select
                class="form-select"
                id="courseHandle"
                name="courseHandle"
                required=""
                type="select"
              >
                <option
                  value="pebble-beach"
                >
                  pebble-beach
                </option>
                <option
                  value="roddy-ranch"
                >
                  roddy-ranch
                </option>
                <option
                  value="rooster-run"
                >
                  rooster-run
                </option>
              </select>
            </div>
            <div
              class="mb-3"
            >
              <label
                class="form-label"
                for="tourYears"
              >
                Tour Year
              </label>
              <select
                class="form-select"
                id="tourYears"
                name="tourYears"
                required=""
                type="select"
              >
                <option>
                  2021-22
                </option>
                <option>
                  2022-23
                </option>
                <option>
                  2023-24
                </option>
                <option>
                  2024-25
                </option>
                <option>
                  2025-26
                </option>
              </select>
            </div>
            <div
              class="row justify-content-end"
            >
              <div
                class="col-auto"
              >
                <button
                  class="btn btn-primary btn-block px-4"
                >
                  Submit
                </button>
              </div>
            </div>
          </form>
        </div>
      </div>
    </div>
  </div>
</DocumentFragment>
`;
